[dotenv@17.2.3] injecting env (2) from .env -- tip: Γ£à audit secrets and track compliance: https://dotenvx.com/ops
Testing model: google/gemini-2.0-flash-exp:free...
node : FAILED: google
/gemini-2.0-flash-exp
:free
At line:1 char:1
+ node test-api.js > 
test_output.txt 2>&1
+ ~~~~~~~~~~~~~~~~~~~
~~~~~~~~~~~~~~~~~~~~
    + CategoryInfo   
           : NotSpe  
  cified: (FAILED:   
  google/gemini-2    
.0-flash-exp:fre    
e:String) [], Re    
moteException
    + FullyQualified 
   ErrorId : Native  
  CommandError
 
Testing model: mistralai/mistral-7b-instruct:free...
Error Status: 404
Error Data: {
  "error": {
    "message": "No 
endpoints found for g
oogle/gemini-2.0-flas
h-exp:free.",
    "code": 404
  },
  "user_id": "user_38
pDSniqurWAOFMBd6n4OR1
oKWH"
}
Testing model: google/gemini-2.0-flash-lite-preview-02-05:free...
FAILED: mistralai/mis
tral-7b-instruct:free
Error Status: 404
Error Data: {
  "error": {
    "message": "No 
endpoints found for m
istralai/mistral-7b-i
nstruct:free.",
    "code": 404
  },
  "user_id": "user_38
pDSniqurWAOFMBd6n4OR1
oKWH"
}
FAILED: google/gemini
-2.0-flash-lite-previ
ew-02-05:free
Testing model: google/gemini-pro...
Error Status: 400
Error Data: {
  "error": {
    "message": "googl
e/gemini-2.0-flash-li
te-preview-02-05:free
 is not a valid 
model ID",
    "code": 400
  },
  "user_id": "user_38
pDSniqurWAOFMBd6n4OR1
oKWH"
}
FAILED: 
google/gemini-pro
Error Status: 400
Error Data: {
  "error": {
    "message": 
"google/gemini-pro 
is not a valid model 
ID",
    "code": 400
  },
  "user_id": "user_38
pDSniqurWAOFMBd6n4OR1
oKWH"
}
